[16:28:07.050] [LOG ] KeyboardTrigger ready (key='t')
[16:28:07.050] [OK  ] Experiment | scanner=pc | mode=pc | screen=1
[16:28:07.114] [OK  ] TASK: nback | DESIGN: Compact 0v2 (~6min) | 8 blocks | 96 trials
[16:28:07.114] [OK  ] Running: nback design 1
[16:28:12.601] [OK  ] TRIGGER t=0 | 2026-07-02_16:28:12.601787
[16:28:18.635] [LOG ] Block 0 | START
[16:28:24.702] [OK  ] Data file created: /home/clement.barbe/Documents/STIMULATION/PSYPY_TEMPLATE/data/sub-bhqs/ses-01/nback/sub-bhqs_ses-01_task-nback_run-01_events.csv
[16:28:47.250] [LOG ] Block 0 | END
[16:28:53.271] [LOG ] Block 1 | START
[16:29:21.837] [LOG ] Block 1 | END
[16:29:27.856] [LOG ] Block 2 | START
[16:29:56.422] [LOG ] Block 2 | END
[16:30:02.442] [LOG ] Block 3 | START
[16:30:31.108] [LOG ] Block 3 | END
[16:30:37.126] [LOG ] Block 4 | START
[16:31:05.760] [LOG ] Block 4 | END
[16:31:11.780] [LOG ] Block 5 | START
[16:31:17.247] [WARN] ABORT: Escape pressed at t=184.645s
[16:31:17.247] [LOG ] Session end | t=184.6s (3.1 min)
[16:31:17.247] [OK  ] Final data saved: /home/clement.barbe/Documents/STIMULATION/PSYPY_TEMPLATE/data/sub-bhqs/ses-01/nback/sub-bhqs_ses-01_task-nback_run-01_events_final.csv
[16:31:20.267] [LOG ] HardwareManager closed.
[16:31:20.273] [OK  ] Cleanup complete.
